// Jest Snapshot v1, https://goo.gl/fbAQLP

exports[`shows listUpcoming returns upcoming shows 1`] = `
{
  "id": Any<Number>,
  "name": "Test Show",
  "start": Any<Date>,
  "version": 0,
}
`;
